2023-07-26 08:43:22 - INFO - This is a log message for logger1
2023-07-26 08:43:22 - INFO - This is a log message for logger2
2023-07-26 08:47:05 - INFO - This is an informational message for logger1
2023-07-26 08:47:05 - DEBUG - This is a debug message for logger1
2023-07-26 08:47:05 - WARNING - This is a warning message for logger1
2023-07-26 08:47:05 - ERROR - This is an error message for logger2
